// Jest Snapshot v1, https://goo.gl/fbAQLP

exports[`<PasswordResetRequest /> testing renders and matches snapshot 1`] = `
<div>
  <form
    class="sc-dc2830a3-0 iEvsZN"
    method="POST"
  >
    <h2>
       Password Reset 
    </h2>
    <fieldset
      aria-busy="false"
    >
      <label
        for="email"
      >
        Email
        <input
          autocomplete="email"
          id="email"
          name="email"
          placeholder="email..."
          required=""
          type="email"
          value=""
        />
      </label>
      <button
        type="submit"
      >
         Send Email 
      </button>
    </fieldset>
  </form>
</div>
`;
