// Jest Snapshot v1, https://goo.gl/fbAQLP

exports[`<Pagination /> testing 18 items of pagination 1`] = `
<div>
  <div
    class="sc-a1cd700f-0 idA-DSX"
    data-testid="pagination"
  >
    <a
      aria-disabled="true"
      href="/shop/0"
    >
      <svg
        fill="currentColor"
        height="1em"
        stroke="currentColor"
        stroke-width="0"
        viewBox="0 0 24 24"
        width="1em"
        xmlns="http://www.w3.org/2000/svg"
      >
        <path
          d="M0 0h24v24H0V0z"
          fill="none"
        />
        <path
          d="M15.41 16.59L10.83 12l4.58-4.59L14 6l-6 6 6 6 1.41-1.41z"
        />
      </svg>
      Prev
    </a>
    <span>
       
      1
       of 
      50
    </span>
    <span
      data-testid="pagination-countTotal"
    >
      1000
       Total Products
    </span>
    <a
      aria-disabled="false"
      href="/shop/2"
    >
      Next
      <svg
        fill="currentColor"
        height="1em"
        stroke="currentColor"
        stroke-width="0"
        viewBox="0 0 24 24"
        width="1em"
        xmlns="http://www.w3.org/2000/svg"
      >
        <path
          d="M0 0h24v24H0V0z"
          fill="none"
        />
        <path
          d="M8.59 16.59L13.17 12 8.59 7.41 10 6l6 6-6 6-1.41-1.41z"
        />
      </svg>
    </a>
  </div>
</div>
`;
